(stack allocated) 5 + 5 = 10
(heap allocated)  5 + 10 = 15
